// Jest Snapshot v1, https://goo.gl/fbAQLP

exports[`With Snapshot Testing App shows "Hello, you Chingu beauty!" 1`] = `
<div>
  Hello, you Chingu beauty!
</div>
`;
